------------------------------------------------------------
Timing Analyzer Summary
------------------------------------------------------------

Type  : Slow 1100mV 85C Model Setup 'clk'
Slack : -4.980
TNS   : -397.175

Type  : Slow 1100mV 85C Model Setup 'reset_i'
Slack : -2.806
TNS   : -83.109

Type  : Slow 1100mV 85C Model Hold 'clk'
Slack : 0.374
TNS   : 0.000

Type  : Slow 1100mV 85C Model Hold 'reset_i'
Slack : 0.837
TNS   : 0.000

Type  : Slow 1100mV 85C Model Recovery 'clk'
Slack : -2.753
TNS   : -102.136

Type  : Slow 1100mV 85C Model Removal 'clk'
Slack : 0.887
TNS   : 0.000

Type  : Slow 1100mV 85C Model Minimum Pulse Width 'clk'
Slack : -0.394
TNS   : -55.979

Type  : Slow 1100mV 85C Model Minimum Pulse Width 'reset_i'
Slack : 0.031
TNS   : 0.000

Type  : Slow 1100mV 0C Model Setup 'clk'
Slack : -4.836
TNS   : -382.381

Type  : Slow 1100mV 0C Model Setup 'reset_i'
Slack : -2.842
TNS   : -84.877

Type  : Slow 1100mV 0C Model Hold 'clk'
Slack : 0.338
TNS   : 0.000

Type  : Slow 1100mV 0C Model Hold 'reset_i'
Slack : 0.841
TNS   : 0.000

Type  : Slow 1100mV 0C Model Recovery 'clk'
Slack : -2.447
TNS   : -91.131

Type  : Slow 1100mV 0C Model Removal 'clk'
Slack : 0.625
TNS   : 0.000

Type  : Slow 1100mV 0C Model Minimum Pulse Width 'clk'
Slack : -0.394
TNS   : -60.421

Type  : Slow 1100mV 0C Model Minimum Pulse Width 'reset_i'
Slack : 0.058
TNS   : 0.000

Type  : Fast 1100mV 85C Model Setup 'clk'
Slack : -2.891
TNS   : -233.861

Type  : Fast 1100mV 85C Model Setup 'reset_i'
Slack : -1.332
TNS   : -37.546

Type  : Fast 1100mV 85C Model Hold 'clk'
Slack : 0.181
TNS   : 0.000

Type  : Fast 1100mV 85C Model Hold 'reset_i'
Slack : 0.470
TNS   : 0.000

Type  : Fast 1100mV 85C Model Recovery 'clk'
Slack : -1.991
TNS   : -75.169

Type  : Fast 1100mV 85C Model Removal 'clk'
Slack : 0.465
TNS   : 0.000

Type  : Fast 1100mV 85C Model Minimum Pulse Width 'reset_i'
Slack : -0.158
TNS   : -4.701

Type  : Fast 1100mV 85C Model Minimum Pulse Width 'clk'
Slack : -0.095
TNS   : -9.280

Type  : Fast 1100mV 0C Model Setup 'clk'
Slack : -2.587
TNS   : -204.591

Type  : Fast 1100mV 0C Model Setup 'reset_i'
Slack : -1.175
TNS   : -33.231

Type  : Fast 1100mV 0C Model Hold 'clk'
Slack : 0.133
TNS   : 0.000

Type  : Fast 1100mV 0C Model Hold 'reset_i'
Slack : 0.396
TNS   : 0.000

Type  : Fast 1100mV 0C Model Recovery 'clk'
Slack : -1.698
TNS   : -64.498

Type  : Fast 1100mV 0C Model Removal 'clk'
Slack : 0.286
TNS   : 0.000

Type  : Fast 1100mV 0C Model Minimum Pulse Width 'reset_i'
Slack : -0.126
TNS   : -3.978

Type  : Fast 1100mV 0C Model Minimum Pulse Width 'clk'
Slack : -0.093
TNS   : -9.213

------------------------------------------------------------
