------------------------------------------------------------
Timing Analyzer Summary
------------------------------------------------------------

Type  : Slow 1100mV 85C Model Setup 'clk'
Slack : -4.134
TNS   : -244.487

Type  : Slow 1100mV 85C Model Setup 'reset_i'
Slack : -3.562
TNS   : -3.562

Type  : Slow 1100mV 85C Model Hold 'clk'
Slack : 0.354
TNS   : 0.000

Type  : Slow 1100mV 85C Model Hold 'reset_i'
Slack : 1.227
TNS   : 0.000

Type  : Slow 1100mV 85C Model Recovery 'clk'
Slack : -2.646
TNS   : -92.359

Type  : Slow 1100mV 85C Model Removal 'clk'
Slack : 0.913
TNS   : 0.000

Type  : Slow 1100mV 85C Model Minimum Pulse Width 'clk'
Slack : -0.394
TNS   : -37.876

Type  : Slow 1100mV 85C Model Minimum Pulse Width 'reset_i'
Slack : 0.106
TNS   : 0.000

Type  : Slow 1100mV 0C Model Setup 'clk'
Slack : -4.111
TNS   : -239.532

Type  : Slow 1100mV 0C Model Setup 'reset_i'
Slack : -3.557
TNS   : -3.557

Type  : Slow 1100mV 0C Model Hold 'clk'
Slack : 0.319
TNS   : 0.000

Type  : Slow 1100mV 0C Model Hold 'reset_i'
Slack : 1.325
TNS   : 0.000

Type  : Slow 1100mV 0C Model Recovery 'clk'
Slack : -2.342
TNS   : -81.792

Type  : Slow 1100mV 0C Model Removal 'clk'
Slack : 0.637
TNS   : 0.000

Type  : Slow 1100mV 0C Model Minimum Pulse Width 'clk'
Slack : -0.394
TNS   : -40.919

Type  : Slow 1100mV 0C Model Minimum Pulse Width 'reset_i'
Slack : 0.115
TNS   : 0.000

Type  : Fast 1100mV 85C Model Setup 'clk'
Slack : -2.276
TNS   : -128.362

Type  : Fast 1100mV 85C Model Setup 'reset_i'
Slack : -1.799
TNS   : -1.799

Type  : Fast 1100mV 85C Model Hold 'clk'
Slack : 0.132
TNS   : 0.000

Type  : Fast 1100mV 85C Model Hold 'reset_i'
Slack : 0.610
TNS   : 0.000

Type  : Fast 1100mV 85C Model Recovery 'clk'
Slack : -1.976
TNS   : -68.976

Type  : Fast 1100mV 85C Model Removal 'clk'
Slack : 0.509
TNS   : 0.000

Type  : Fast 1100mV 85C Model Minimum Pulse Width 'clk'
Slack : -0.094
TNS   : -6.396

Type  : Fast 1100mV 85C Model Minimum Pulse Width 'reset_i'
Slack : -0.092
TNS   : -0.181

Type  : Fast 1100mV 0C Model Setup 'clk'
Slack : -2.006
TNS   : -114.613

Type  : Fast 1100mV 0C Model Setup 'reset_i'
Slack : -1.574
TNS   : -1.574

Type  : Fast 1100mV 0C Model Hold 'clk'
Slack : 0.104
TNS   : 0.000

Type  : Fast 1100mV 0C Model Hold 'reset_i'
Slack : 0.574
TNS   : 0.000

Type  : Fast 1100mV 0C Model Recovery 'clk'
Slack : -1.684
TNS   : -58.893

Type  : Fast 1100mV 0C Model Removal 'clk'
Slack : 0.318
TNS   : 0.000

Type  : Fast 1100mV 0C Model Minimum Pulse Width 'clk'
Slack : -0.092
TNS   : -6.380

Type  : Fast 1100mV 0C Model Minimum Pulse Width 'reset_i'
Slack : -0.078
TNS   : -0.156

------------------------------------------------------------
